// Jest Snapshot v1, https://goo.gl/fbAQLP

exports[`App component renders 1`] = `
<section>
  <h1>
    Frigg off, Barb!
  </h1>
</section>
`;
